SnapshotExtensionUsedTest.exampleSnapshot=[
  "Hello Wolrd Again"
]


SnapshotExtensionUsedTest.shouldUseExtension=[
  "Hello Wolrd"
]