ExampleTest.shouldExtractArgsFromFakeMethodWithComplexObject=[
  {
    "FakeObject.fakeMethodWithComplexObject": [
      {
        "arg0": {
          "id": "idMock"
        }
      }
    ]
  },
  {
    "FakeObject.fakeMethodWithComplexObject": [
      {
        "arg0": {
          "id": "idMock",
          "name": "nameMock"
        }
      }
    ]
  }
]


ExampleTest.shouldExtractArgsFromMethod=[
  {
    "FakeObject.fakeMethod": [
      {
        "arg0": "test1",
        "arg1": 1,
        "arg2": [
          "listTest1"
        ]
      },
      {
        "arg0": "test2",
        "arg1": 2,
        "arg2": [
          "listTest1",
          "listTest2"
        ]
      }
    ]
  }
]


ExampleTest.shouldShowSnapshotExample=[
  "<any type of object>"
]